
> nsgc_prototype@0.1.0 build
> next build

node.exe : 
[baseline-browser-mapping] The data 
in this module is over two months 
old.  To ensure accurate Baseline 
data, please update: `npm i 
baseline-browser-mapping@latest -D`
At line:1 char:1
+ & "C:\Program 
Files\nodejs/node.exe" 
"C:\Users\vuppa\AppData\Roaming\ ...
+ ~~~~~~~~~~~~~~~~~~~~~~~~~~~~~~~~~~~
~~~~~~~~~~~~~~~~~~~~~~~~~~~~~~~~~~
    + CategoryInfo          : NotSpe 
   cified: ([baseline-brows...ping@  
  latest -D`:String) [], RemoteExc   
 eption
    + FullyQualifiedErrorId : Native 
   CommandError
 

> Build error occurred
Error: EPERM: operation not 
permitted, unlink 'C:\Users\vuppa\One
Drive\Desktop\Project\NSGC 
2\.next\server\app\dashboard\clubs'
    at ignore-listed frames {
  errno: -4048,
  code: 'EPERM',
  syscall: 'unlink',
  path: 'C:\\Users\\vuppa\\OneDrive\\
Desktop\\Project\\NSGC 2\\.next\\serv
er\\app\\dashboard\\clubs'
}
